sales_insights/data/csv_data/synthetic_sales_data.csv
date,price_per_unit,units_sold
2024-04-02,60.79901900713289,0.0
2024-04-03,58.05502027687134,0.0
2024-04-04,61.021278600950836,0.0
2024-04-05,61.601399897899995,0.0
2024-04-06,60.21545236841545,0.0
2024-04-07,59.355606097027334,0.0
2024-04-08,60.420733099829036,0.0
2024-04-09,58.256711682318404,0.0
2024-04-10,59.091363561919664,0.0
2024-04-11,59.04487250224848,0.0
2024-04-12,59.296633937793686,0.0
2024-04-13,58.92930352420312,0.0
2024-04-14,59.36871875100633,0.0
2024-04-15,59.80315907581417,0.0
2024-04-16,58.761709847645925,0.0
2024-04-17,60.09818952027548,0.0
2024-04-18,58.95727559869071,0.0
2024-04-19,60.91749819047835,0.0
2024-04-20,58.031135272609404,0.0
2024-04-21,61.17788428366229,0.0
2024-04-22,60.27975908010609,0.0
2024-04-23,60.90916529771904,0.0
2024-04-24,58.45888037991729,0.0
2024-04-25,57.86988878535602,0.0
2024-04-26,59.79607396075437,0.0
2024-04-27,58.79004387122815,0.0
2024-04-28,58.90185160164652,0.0
2024-04-29,60.29009006829793,0.0
2024-04-30,60.42641001676826,0.0
2024-05-01,57.76194263879573,0.0
2024-05-02,58.56231188630994,0.0
2024-05-03,59.152634151249096,0.0
2024-05-04,60.24170924124369,0.0
2024-05-05,58.33567568820732,0.0
2024-05-06,57.31605486687741,0.0
2024-05-07,56.958884040761966,0.0
2024-05-08,55.96255925598243,0.0
2024-05-09,56.508246259693074,0.0
2024-05-10,57.58609658253646,0.0
2024-05-11,57.496708693184516,0.0
2024-05-12,57.278638095744924,0.0
2024-05-13,57.57436134537199,0.0
2024-05-14,57.9574338340338,0.0
2024-05-15,59.093434335188455,0.0
2024-05-16,58.85381149150643,0.0
2024-05-17,55.41379600797434,0.0
2024-05-18,57.453355393965445,0.0
2024-05-19,56.376300897668514,0.0
2024-05-20,55.135561469271,0.0
2024-05-21,57.52446731893254,0.0
2024-05-22,58.02709792677948,0.0
2024-05-23,54.61992548408084,0.0
2024-05-24,57.824942947261405,0.0
2024-05-25,57.685065333433336,0.0
2024-05-26,57.192629778588284,0.0
2024-05-27,55.0660598355242,0.0
2024-05-28,56.06899793351274,0.0
2024-05-29,54.380831557436935,0.0
2024-05-30,54.08709723562845,0.0
2024-05-31,54.707179150173,0.0
2024-06-01,53.382742250505494,0.0
2024-06-02,55.93435375403877,0.0
2024-06-03,55.82960602095821,0.0
2024-06-04,55.33269944463374,0.0
2024-06-05,55.52462257741808,0.0
2024-06-06,52.41866592791968,0.0
2024-06-07,54.95594519005295,0.0
2024-06-08,54.54077263637098,0.0
2024-06-09,54.38951667278381,0.0
2024-06-10,51.62529532238388,0.0
2024-06-11,51.99967513322622,0.0
2024-06-12,54.668046997474875,0.0
2024-06-13,52.866577459783564,0.0
2024-06-14,51.19511959324643,0.0
2024-06-15,54.1800483460453,0.0
2024-06-16,51.301191670629635,0.0
2024-06-17,53.99904671560688,0.0
2024-06-18,53.03186983737278,0.0
2024-06-19,50.110120695315075,23.597146809803707
2024-06-20,52.3685920544447,0.0
2024-06-21,50.464404684895705,0.0
2024-06-22,49.58867482266845,41.93113742145678
2024-06-23,50.914184789409624,0.0
2024-06-24,49.23518593322683,19.210637416734045
2024-06-25,50.738659991449296,0.0
2024-06-26,50.97250747442892,0.0
2024-06-27,52.41067667277043,0.0
2024-06-28,52.12408896059804,0.0
2024-06-29,50.64139252424661,0.0
2024-06-30,52.08235005685836,0.0
2024-07-01,50.58979632823929,0.0
2024-07-02,47.96838607791806,30.95736647320935
2024-07-03,50.99744058946356,0.0
2024-07-04,50.50357180767908,0.7137820223502853
2024-07-05,48.511180616178116,17.860966251319557
2024-07-06,50.97390301966533,0.0
2024-07-07,49.09809200061014,17.3890086992886
2024-07-08,50.66012710357756,0.0
2024-07-09,49.91548890070055,0.0
2024-07-10,47.62862339972179,50.02923038211525
2024-07-11,47.4115785545071,41.144648700369984
2024-07-12,49.03661018036194,0.8211345655263269
2024-07-13,46.408681375563084,67.36606961852803
2024-07-14,48.940168596857895,22.26731534774558
2024-07-15,48.84713833583538,31.04478079821837
2024-07-16,45.75360157196305,59.61435213858085
2024-07-17,48.08165189250669,19.696667263056476
2024-07-18,46.40637104321291,56.80782924778541
2024-07-19,46.3022933484272,43.35223161981975
2024-07-20,47.32457713365965,44.08120609073361
2024-07-21,46.535300042063554,49.98150475967757
2024-07-22,46.52038080537849,47.40572481042617
2024-07-23,47.285978631970444,27.746991883729095
2024-07-24,46.4658092744656,60.36653039921186
2024-07-25,47.50103338457792,19.939363178507996
2024-07-26,45.90034544060444,56.88462109338505
2024-07-27,45.98367686593383,46.28483561372573
2024-07-28,43.5644184259041,114.20823142389825
2024-07-29,44.12227285655937,98.9399909317553
2024-07-30,46.66811499272955,58.83279712256243
2024-07-31,46.1766463064618,49.30591182706574
2024-08-01,43.62379264871094,105.89029009005162
2024-08-02,43.437330040177955,90.49329958406301
2024-08-03,45.9619662094991,61.323805918489406
2024-08-04,44.4579815836671,95.15539207298018
2024-08-05,43.67015408807636,102.56962241428553
2024-08-06,42.74237377411027,127.93143383221724
2024-08-07,45.749830470887744,58.98895714210286
2024-08-08,45.67498488414882,60.143662625453395
2024-08-09,44.07434423009608,86.48524743944228
2024-08-10,44.60609860429653,76.25465942396194
2024-08-11,41.65740594500635,126.50439324138395
2024-08-12,43.27084076185667,100.71985945764064
2024-08-13,44.48224616234171,77.73240713284322
2024-08-14,41.93272673091446,142.22515843344934
2024-08-15,44.437626671601635,72.50728992911858
2024-08-16,44.69232628918779,57.798002149397085
2024-08-17,42.76239469961068,105.00432770909848
2024-08-18,40.85102901718294,144.31972360557884
2024-08-19,43.75401163438094,91.66776797522891
2024-08-20,41.58309001042708,126.86010684630511
2024-08-21,41.47564153947193,131.67764273525583
2024-08-22,40.878334831360284,138.62255261915604
2024-08-23,42.86901001007623,99.2350386171847
2024-08-24,42.22977406282105,108.17190460203251
2024-08-25,43.66907496950633,84.07246631451343
2024-08-26,40.16668602648019,154.38057408563688
2024-08-27,40.50414009538643,152.4576004939375
2024-08-28,41.44633273563046,135.15990760057815
2024-08-29,41.72578427527666,113.74467287541486
2024-08-30,40.32045030606805,135.0645506099644
2024-08-31,41.17868288288399,153.39407139324197
2024-09-01,39.69948712054705,159.86954618922442
2024-09-02,39.22806688667641,169.6601252758098
2024-09-03,42.719800759409566,85.87330162684248
2024-09-04,39.51313422242655,153.81950415140037
2024-09-05,39.1101970110426,176.03246796312735
2024-09-06,38.99851667461016,175.07516430519453
2024-09-07,41.904198015011225,126.19223110468113
2024-09-08,39.234596220176655,148.22212348373992
2024-09-09,39.972026688034354,135.0327518424778
2024-09-10,38.79066593162738,181.03502276308643
2024-09-11,40.440634594942246,122.73005435103215
2024-09-12,40.14443147113691,152.75301998943866
2024-09-13,40.61378095286692,147.7640513973548
2024-09-14,40.14184710644804,143.33451143569658
2024-09-15,39.24949787573498,151.14753390927697
2024-09-16,38.34035749157645,193.47725390231017
2024-09-17,39.38012557778429,178.68646827921785
2024-09-18,41.40764165004317,133.44070009186822
2024-09-19,39.415694495879194,155.0453380615033
2024-09-20,38.60630154050579,180.10327886705642
2024-09-21,39.497328871320235,166.76859654577905
2024-09-22,41.66962653448013,126.22130182528106
2024-09-23,38.65419174291146,186.3157354783853
2024-09-24,39.79422233290284,151.45819744274507
2024-09-25,38.18647734098607,182.22944342247828
2024-09-26,38.809811404665744,171.7761672053587
2024-09-27,38.094364903456764,200.47653896701675
2024-09-28,41.57026829073606,129.1320419694459
2024-09-29,40.26157244681124,129.96041732538882
2024-09-30,39.731573992986725,174.51654959946825
2024-10-01,38.96821725142873,172.22983878765342
2024-10-02,39.604918695232676,150.54505582271528
2024-10-03,40.0376470349816,151.9095884119512
2024-10-04,40.45485637986161,146.93961791195431
2024-10-05,38.132393313159,184.9018486484402
2024-10-06,42.033008665355645,109.17125564994963
2024-10-07,39.54269928864989,161.8319353922259
2024-10-08,41.872387517206185,120.82202336556362
2024-10-09,38.38967492399442,194.56433069346727
2024-10-10,41.75545712594584,122.76938444428234
2024-10-11,40.62656228838217,139.5135827721681
2024-10-12,38.85817864455602,162.34514960599324
2024-10-13,41.14779501043196,130.3596579448436
2024-10-14,41.442883921083634,109.19842876066511
2024-10-15,41.35245710448006,109.74278686270304
2024-10-16,41.890896031494606,121.2322731529184
2024-10-17,39.23332846186705,159.16378529766104
2024-10-18,39.348368129135515,173.4307402993022
2024-10-19,40.22755962741897,167.32155572293175
2024-10-20,39.81120024679288,143.18111607481228
2024-10-21,39.50390578028066,161.6586760689248
2024-10-22,40.36264162518718,134.06671047147464
2024-10-23,40.908713405941974,157.71858363917448
2024-10-24,39.83184083865015,163.5498994646949
2024-10-25,42.323160111138236,112.83526758050503
2024-10-26,41.276775393819904,135.27703389852894
2024-10-27,41.58304343808158,134.2479207502646
2024-10-28,42.14097067236415,101.98587902008565
2024-10-29,40.87050840764722,145.8217960614536
2024-10-30,41.47122258665559,120.30106047989658
2024-10-31,41.66217153628027,117.42492024384588
2024-11-01,43.18317223292381,86.50881131690556
2024-11-02,42.38285745590148,96.98407188351197
2024-11-03,43.44654413459899,96.70936035737131
2024-11-04,41.808474752587415,124.38948984872722
2024-11-05,40.493887126409724,153.58468212738305
2024-11-06,41.34491722519832,143.60508181233328
2024-11-07,43.411920679102266,102.38977400177654
2024-11-08,41.21398572646865,140.31794039757207
2024-11-09,43.521544884478,111.65418753414895
2024-11-10,42.72665056980826,98.76585418511806
2024-11-11,42.13853137657844,112.63802854619813
2024-11-12,42.75045371951647,110.87755764343723
2024-11-13,42.16909758403617,136.37179071056448
2024-11-14,44.12157574803554,68.71542418041525
2024-11-15,42.2937540206417,131.79071876553513
2024-11-16,43.06561659651706,108.2646222630289
2024-11-17,44.255279733714886,101.04101490827692
2024-11-18,42.35263254630499,125.32222017202622
2024-11-19,43.15578957513199,109.40394966375302
2024-11-20,42.197635906240954,134.2881146015886
2024-11-21,45.231197045843864,57.00183895172828
2024-11-22,42.57471771364848,123.1234312944175
2024-11-23,45.51505772563741,66.45704079615172
2024-11-24,44.55303287077578,58.60027574946711
2024-11-25,44.62297711662133,80.01199552246888
2024-11-26,43.44473589363658,108.62057043853693
2024-11-27,44.99541555871972,65.54768813352364
2024-11-28,45.4071019796463,68.79359726572024
2024-11-29,44.43013816368472,101.24154562839803
2024-11-30,43.48806939092525,105.45019788649098
2024-12-01,44.651671990575096,59.62584178712181
2024-12-02,45.065297010647015,81.34847157699394
2024-12-03,44.39093978034907,99.28176898281151
2024-12-04,46.34529955847297,47.59727782575608
2024-12-05,46.656734735775515,33.1726640096666
2024-12-06,44.40580856042903,85.35315835933324
2024-12-07,47.28027828313612,49.00887708294273
2024-12-08,46.43396481866513,40.362079176366024
2024-12-09,47.81428784091582,24.903536536390092
2024-12-10,48.465855323954145,12.563037344114965
2024-12-11,46.334697734273384,62.87664967173566
2024-12-12,47.10881392120653,52.83589130042815
2024-12-13,48.122068498507595,34.47240015155087
2024-12-14,46.374828654507844,59.187957640881095
2024-12-15,47.12020724788879,49.09423432065602
2024-12-16,46.93667321047067,67.20233529305365
2024-12-17,46.980248535428,45.09677478037296
2024-12-18,48.15958591103937,32.32241273786351
2024-12-19,49.56410571336286,13.571820553212067
2024-12-20,42.517192247314725,147.35889279446877
2024-12-21,42.66683976683254,138.39949583484162
2024-12-22,45.38726194439665,86.69585457203837
2024-12-23,47.12428765177199,54.232920808394375
2024-12-24,44.34578438367824,94.91389501100909
2024-12-25,44.889299988977506,96.44466392263861
2024-12-26,47.86339862997882,36.73101315533822
2024-12-27,44.80588992074497,113.37756134029429
2024-12-28,46.68538029083891,76.15144932201922
2024-12-29,46.76864859807567,81.87792460139514
2024-12-30,46.241605579543794,83.36854594561963
2024-12-31,45.80493299869148,96.2413651066917
